// Jest Snapshot v1, https://goo.gl/fbAQLP

exports[`Testa actions do 4eddit Snapshot 1`] = `
<div
  className="sc-fzXfMB gdDxBP"
>
  <div
    className="sc-fzXfMC dCnWJT"
  >
    <img
      className="sc-fzXfME dmgdzZ"
      src="logo.png"
    />
    <div
      className="sc-fzXfMD hILBuc"
    >
      <button
        className="MuiButtonBase-root MuiButton-root MuiButton-outlined MuiButton-outlinedSizeLarge MuiButton-sizeLarge"
        disabled={false}
        onBlur={[Function]}
        onDragLeave={[Function]}
        onFocus={[Function]}
        onKeyDown={[Function]}
        onKeyUp={[Function]}
        onMouseDown={[Function]}
        onMouseLeave={[Function]}
        onMouseUp={[Function]}
        onTouchEnd={[Function]}
        onTouchMove={[Function]}
        onTouchStart={[Function]}
        tabIndex={0}
        type="button"
      >
        <span
          className="MuiButton-label"
        >
          Cadastrar
        </span>
      </button>
      <button
        className="MuiButtonBase-root MuiButton-root MuiButton-outlined MuiButton-outlinedSizeLarge MuiButton-sizeLarge"
        disabled={false}
        onBlur={[Function]}
        onClick={[Function]}
        onDragLeave={[Function]}
        onFocus={[Function]}
        onKeyDown={[Function]}
        onKeyUp={[Function]}
        onMouseDown={[Function]}
        onMouseLeave={[Function]}
        onMouseUp={[Function]}
        onTouchEnd={[Function]}
        onTouchMove={[Function]}
        onTouchStart={[Function]}
        tabIndex={0}
        type="button"
      >
        <span
          className="MuiButton-label"
        >
          Login
        </span>
      </button>
    </div>
  </div>
</div>
`;
